c:\users\admin\source\repos\neural network\neuralnetsfml\x64\debug\drawneuralnet.cu.obj
c:\users\admin\source\repos\neural network\neuralnetsfml\x64\debug\main.cu.obj
c:\users\admin\source\repos\neural network\x64\debug\neuralnetsfml.lib
c:\users\admin\source\repos\neural network\x64\debug\neuralnetsfml.exp
c:\users\admin\source\repos\neural network\neuralnetsfml\x64\debug\neuralnetsfml.ilk
c:\users\admin\source\repos\neural network\neuralnetsfml\x64\debug\drawneuralnet.cu.cache
c:\users\admin\source\repos\neural network\neuralnetsfml\x64\debug\kernel.cu.cache
c:\users\admin\source\repos\neural network\neuralnetsfml\x64\debug\main.cu.cache
c:\users\admin\source\repos\neural network\neuralnetsfml\x64\debug\kernel.cu.obj
c:\users\admin\source\repos\neural network\neuralnetsfml\x64\debug\main.obj
c:\users\admin\source\repos\neural network\neuralnetsfml\x64\debug\sfmlneuralnetdraw.obj
c:\users\admin\source\repos\neural network\neuralnetsfml\x64\debug\trail.obj
c:\users\admin\source\repos\neural network\neuralnetsfml\x64\debug\vc143.idb
c:\users\admin\source\repos\neural network\neuralnetsfml\x64\debug\vc143.pdb
c:\users\admin\source\repos\neural network\x64\debug\neuralnetsfml.pdb
c:\users\admin\source\repos\neural network\neuralnetsfml\x64\debug\neuralnetsfml.tlog\cl.command.1.tlog
c:\users\admin\source\repos\neural network\neuralnetsfml\x64\debug\neuralnetsfml.tlog\cudacompile.read.1u.tlog
c:\users\admin\source\repos\neural network\neuralnetsfml\x64\debug\neuralnetsfml.tlog\cudacompile.write.1u.tlog
c:\users\admin\source\repos\neural network\neuralnetsfml\x64\debug\neuralnetsfml.tlog\link-cvtres.read.1.tlog
c:\users\admin\source\repos\neural network\neuralnetsfml\x64\debug\neuralnetsfml.tlog\link-cvtres.write.1.tlog
c:\users\admin\source\repos\neural network\neuralnetsfml\x64\debug\neuralnetsfml.tlog\link-rc.read.1.tlog
c:\users\admin\source\repos\neural network\neuralnetsfml\x64\debug\neuralnetsfml.tlog\link-rc.write.1.tlog
c:\users\admin\source\repos\neural network\neuralnetsfml\x64\debug\neuralnetsfml.tlog\link.3324-cvtres.read.1.tlog
c:\users\admin\source\repos\neural network\neuralnetsfml\x64\debug\neuralnetsfml.tlog\link.3324-cvtres.write.1.tlog
c:\users\admin\source\repos\neural network\neuralnetsfml\x64\debug\neuralnetsfml.tlog\link.3324-rc.read.1.tlog
c:\users\admin\source\repos\neural network\neuralnetsfml\x64\debug\neuralnetsfml.tlog\link.3324-rc.write.1.tlog
c:\users\admin\source\repos\neural network\neuralnetsfml\x64\debug\neuralnetsfml.tlog\link.3324.read.1.tlog
c:\users\admin\source\repos\neural network\neuralnetsfml\x64\debug\neuralnetsfml.tlog\link.3324.read.2.tlog
c:\users\admin\source\repos\neural network\neuralnetsfml\x64\debug\neuralnetsfml.tlog\link.3324.write.1.tlog
c:\users\admin\source\repos\neural network\neuralnetsfml\x64\debug\neuralnetsfml.tlog\link.command.1.tlog
c:\users\admin\source\repos\neural network\neuralnetsfml\x64\debug\neuralnetsfml.tlog\link.read.1.tlog
c:\users\admin\source\repos\neural network\neuralnetsfml\x64\debug\neuralnetsfml.tlog\link.read.2.tlog
c:\users\admin\source\repos\neural network\neuralnetsfml\x64\debug\neuralnetsfml.tlog\link.secondary.1.tlog
c:\users\admin\source\repos\neural network\neuralnetsfml\x64\debug\neuralnetsfml.tlog\link.write.1.tlog
